---
source: optimizer/src/js_lib_interface.rs
expression: output
---
==INPUT==


import { component$, $ } from '@qwik.dev/core';
import json from "./foo.json" assert { type: "json" };

export const Greeter = component$(() => {
	return json;
});

============================= test_example_import_assertion.js ==

import { componentQrl, qrl } from "@qwik.dev/core";
import json from "./foo.json" assert { type: "json" };
const q_Greeter_component_NYkY0YzCcO8 = /* @__PURE__ */ qrl(() => import("./test_example_import_assertion.jsx_Greeter_component_NYkY0YzCcO8"), "Greeter_component_NYkY0YzCcO8");
export const Greeter = /* @__PURE__ */ componentQrl(q_Greeter_component_NYkY0YzCcO8);


None
============================= test_example_import_assertion.jsx_Greeter_component_NYkY0YzCcO8.js (ENTRY POINT)==

import json from "./foo.json";
export const Greeter_component_NYkY0YzCcO8 = () => {
	return json;
};


None
/*
{
  "origin": "test_example_import_assertion.js",
  "name": "Greeter_component_NYkY0YzCcO8",
  "entry": null,
  "displayName": "test_example_import_assertion.jsx_Greeter_component",
  "hash": "NYkY0YzCcO8",
  "canonicalFilename": "test_example_import_assertion.jsx_Greeter_component_NYkY0YzCcO8",
  "path": "",
  "extension": "js",
  "parent": null,
  "ctxKind": "function",
  "ctxName": "component$",
  "captures": false,
  "loc": [
    0,
    0
  ]
}
*/
== DIAGNOSTICS ==

[]
