---
source: optimizer/src/js_lib_interface.rs
expression: output
---
==INPUT==

import { $, component$ } from '@builder.io/qwik';

export const Header = component$(() => {
    console.log("mount");
    return (
        <div onClick={$((ctx) => console.log(ctx))}/>
    );
});

 const App = component$(() => {
    return (
        <Header/>
    );
});


============================= ./test_example_7.tsx_Header_component_xTg8ybJIykU.js (ENTRY POINT)==

import { _jsxSorted, qrl } from "@qwik.dev/core";
export const Header_component_xTg8ybJIykU = () => {
	console.log("mount");
	return /* @__PURE__ */ _jsxSorted("div", { onClick: qrl(() => import("./test_example_7.tsx_Header_component_div_onClick_Ax6FIlRjtFQ.js"), "Header_component_div_onClick_Ax6FIlRjtFQ") }, {}, [], 1, null);
};


None
/*
{
  "origin": "test_example_7.tsx",
  "name": "Header_component_xTg8ybJIykU",
  "entry": null,
  "displayName": "test_example_7.tsx_Header_component",
  "hash": "xTg8ybJIykU",
  "canonicalFilename": "test_example_7.tsx_Header_component_xTg8ybJIykU",
  "path": ".",
  "extension": "js",
  "parent": null,
  "ctxKind": "function",
  "ctxName": "Header_component_xTg8ybJIykU",
  "captures": false,
  "loc": [
    0,
    0
  ]
}
*/
============================= ./test_example_7.tsx_Header_component_div_onClick_Ax6FIlRjtFQ.js (ENTRY POINT)==

export const Header_component_div_onClick_Ax6FIlRjtFQ = (ctx) => console.log(ctx);


None
/*
{
  "origin": "test_example_7.tsx",
  "name": "Header_component_div_onClick_Ax6FIlRjtFQ",
  "entry": null,
  "displayName": "test_example_7.tsx_Header_component_div_onClick",
  "hash": "Ax6FIlRjtFQ",
  "canonicalFilename": "test_example_7.tsx_Header_component_div_onClick_Ax6FIlRjtFQ",
  "path": ".",
  "extension": "js",
  "parent": null,
  "ctxKind": "function",
  "ctxName": "Header_component_div_onClick_Ax6FIlRjtFQ",
  "captures": false,
  "loc": [
    0,
    0
  ]
}
*/
============================= test_example_7.tsx ==

import { componentQrl, qrl } from "@qwik.dev/core";
export const Header = componentQrl(qrl(() => import("./test_example_7.tsx_Header_component_xTg8ybJIykU.js"), "Header_component_xTg8ybJIykU"));
componentQrl(qrl(() => import("./test_example_7.tsx_App_component_kMTyqu9vcH4.js"), "App_component_kMTyqu9vcH4"));


None
============================= ./test_example_7.tsx_App_component_kMTyqu9vcH4.js (ENTRY POINT)==

import { Header } from "./test_example_7";
import { _jsxSorted } from "@qwik.dev/core";
export const App_component_kMTyqu9vcH4 = () => {
	return _jsxSorted(Header, {}, {}, [], 1, null);
};


None
/*
{
  "origin": "test_example_7.tsx",
  "name": "App_component_kMTyqu9vcH4",
  "entry": null,
  "displayName": "test_example_7.tsx_App_component",
  "hash": "kMTyqu9vcH4",
  "canonicalFilename": "test_example_7.tsx_App_component_kMTyqu9vcH4",
  "path": ".",
  "extension": "js",
  "parent": null,
  "ctxKind": "function",
  "ctxName": "App_component_kMTyqu9vcH4",
  "captures": false,
  "loc": [
    0,
    0
  ]
}
*/
== DIAGNOSTICS ==

[]
