---
source: src/transform.rs
expression: comp.code
snapshot_kind: text
---
"import { qrl } from \"@qwik.dev/core\";\nexport const renderHeader_zBbHWn4e8Cg = () => {\n\treturn <div onClick={qrl(() => import(\"./test.tsx_renderHeader_div_onClick_fV2uzAL99u4\"), \"renderHeader_div_onClick_fV2uzAL99u4\")} />;\n};\n"
