==INPUT==


import { component$, useSignal } from '@qwik.dev/core';

export const Issue3742 = component$(({description = '', other}: any) => {
	const counter = useSignal(0);
	return (
		<div
		title={(description && 'description' in other) ? `Hello ${counter.value}` : `Bye ${counter.value}`}
		>
		Issue3742
		<button onClick$={() => counter.value++}>
			Increment
		</button>
		</div>
	)
	});
============================= test.tsx ==
import { _noopQrl } from "@qwik.dev/core";
import { _jsxSorted } from "@qwik.dev/core";
import { _fnSignal } from "@qwik.dev/core";
import { useSignal } from "@qwik.dev/core";
//
const _hf0 = (p0, p1, p2) => p1 && "description" in p2 ? `Hello ${p0.value}` : `Bye ${p0.value}`;
const _hf0_str = "p1&&\"description\"in p2?`Hello ${p0.value}`:`Bye ${p0.value}`";
//
const q_div_button_q_e_click_eHWmo2tZFB8 = /* @__PURE__ */ _noopQrl("div_button_q_e_click_eHWmo2tZFB8");
//
export const Issue3742 = component$(({ description = "", other }) => {
	const counter = useSignal(0);
	const div_button_q_e_click_eHWmo2tZFB8 = (_, _1, counter) => counter.value++;
	q_div_button_q_e_click_eHWmo2tZFB8.s(div_button_q_e_click_eHWmo2tZFB8);
	return /* @__PURE__ */ _jsxSorted("div", { title: _fnSignal(_hf0, [
		counter,
		description,
		other
	], _hf0_str) }, null, ["Issue3742", /* @__PURE__ */ _jsxSorted("button", null, { "q-e:click": () => counter.value++ }, "Increment", 3, null)], 3, "u6_0");
});

============================= test.tsx_div_button_q_e_click_eHWmo2tZFB8.js (ENTRY POINT)==

== DIAGNOSTICS ==

[]
