==INPUT==


import { component$, useSignal } from "@qwik.dev/core";
import { A } from "./componentA";

export const Cmp = component$(() => {
	const currentStep = useSignal('STEP_1');
	const currentType = useSignal<'NEXT' | 'PREVIOUS'>('PREVIOUS');

	const getStep = (step: string, type: 'NEXT' | 'PREVIOUS') => {
		return step === 'STEP_1' ? 'STEP_2' : 'STEP_1';
	};

	return (
		<>
			<button onClick$={() => (currentType.value = 'NEXT')}>CLICK</button>
			<A href={getStep(currentStep.value, currentType.value)} />
		</>
	);
});
============================= test.tsx ==
import { qrl } from "@qwik.dev/core";
import { _jsxSorted } from "@qwik.dev/core";
import { Fragment as _Fragment } from "@qwik.dev/core/jsx-runtime";
import { useSignal } from "@qwik.dev/core";
import { A } from "./componentA";
//
const q_Fragment_button_q_e_click_kcNlC4deMcE = /* @__PURE__ */ qrl(() => import("./test.tsx_Fragment_button_q_e_click_kcNlC4deMcE"), "Fragment_button_q_e_click_kcNlC4deMcE");
//
export const Cmp = component$(() => {
	const currentStep = useSignal("STEP_1");
	const currentType = useSignal("PREVIOUS");
	const getStep = (step, type) => {
		return step === "STEP_1" ? "STEP_2" : "STEP_1";
	};
	return /* @__PURE__ */ _jsxSorted(_Fragment, null, null, [/* @__PURE__ */ _jsxSorted("button", null, { "q-e:click": () => currentType.value = "NEXT" }, "CLICK", 3, null), /* @__PURE__ */ _jsxSorted(A, { href: getStep(currentStep.value, currentType.value) }, null, null, 3, "u6_0")], 1, "u6_1");
});

============================= test.tsx_Fragment_button_q_e_click_kcNlC4deMcE.js (ENTRY POINT)==
export const Fragment_button_q_e_click_kcNlC4deMcE = () => (currentType.value = 'NEXT');
== DIAGNOSTICS ==

[]
