==INPUT==


		import { component$ } from "@qwik.dev/core";

		// the count results in _fnSignal because of the rename
		// would be nice to consider it a prop too
		export default component$(({ message, id, count: c, ...rest }: Record<string, any>) => {
			const renders = useStore({ renders: 0 }, { reactive: false });
			renders.renders++;
			const rerenders = renders.renders + 0;
			return (
				<div id={id}>
					<span {...rest}>
					{message} {c}
					</span>
					<div class="renders">{rerenders}</div>
				</div>
			);
		}
		);
============================= test.tsx ==
import { _jsxSplit } from "@qwik.dev/core";
import { _getVarProps } from "@qwik.dev/core";
import { _getConstProps } from "@qwik.dev/core";
import { _jsxSorted } from "@qwik.dev/core";
//
// the count results in _fnSignal because of the rename
// would be nice to consider it a prop too
export default component$(({ message, id, count: c, ...rest }) => {
	const renders = useStore({ renders: 0 }, { reactive: false });
	renders.renders++;
	const rerenders = renders.renders + 0;
	return /* @__PURE__ */ _jsxSorted("div", { id }, null, [/* @__PURE__ */ _jsxSplit("span", { ..._getVarProps(rest) }, _getConstProps(rest), [
		message,
		" ",
		c
	], 0, null), /* @__PURE__ */ _jsxSorted("div", null, { class: "renders" }, rerenders, 1, null)], 1, "u6_0");
});

== DIAGNOSTICS ==

[]
