==INPUT==


import { $, component$, useSignal } from "@qwik.dev/core";
import { destructureBindings } from "./destructure-bindings";

export const FieldInput = component$(
  (props) => {
    const initialValues = { value: undefined as string | undefined };
    const rest = destructureBindings(props, initialValues);

    return (
      <input
        {...rest}
        bind:value={finalValue}
		onClick$={() => {
			console.log('clicked');
		}}
      />
    );
  }
);
============================= test.tsx ==
import { qrl } from "@qwik.dev/core";
import { _jsxSplit } from "@qwik.dev/core";
import { _getVarProps } from "@qwik.dev/core";
import { _getConstProps } from "@qwik.dev/core";
import { destructureBindings } from "./destructure-bindings";
//
const q_input_q_e_click_04hAoavminw = /* @__PURE__ */ qrl(() => import("./test.tsx_input_q_e_click_04hAoavminw"), "input_q_e_click_04hAoavminw");
//
export const FieldInput = component$((props) => {
	const initialValues = { value: undefined };
	const rest = destructureBindings(props, initialValues);
	return /* @__PURE__ */ _jsxSplit("input", {
		..._getVarProps(rest),
		..._getConstProps(rest),
		"bind:value": finalValue
	}, { "q-e:click": () => {
		console.log("clicked");
	} }, null, 0, "u6_0");
});

============================= test.tsx_input_q_e_click_04hAoavminw.js (ENTRY POINT)==
export const input_q_e_click_04hAoavminw = () => {
			console.log('clicked');
		};
== DIAGNOSTICS ==

[]
