==INPUT==


		import { component$ } from '@qwik.dev/core';

		export default component$((props: any) => {
			return <button {...props} onClick$={() => props.onClick$()}></button>;
		});
============================= test.tsx ==
import { qrl } from "@qwik.dev/core";
import { _jsxSplit } from "@qwik.dev/core";
import { _getVarProps } from "@qwik.dev/core";
import { _getConstProps } from "@qwik.dev/core";
//
const q_button_q_e_click_xlE0KI6JSfE = /* @__PURE__ */ qrl(() => import("./test.tsx_button_q_e_click_xlE0KI6JSfE"), "button_q_e_click_xlE0KI6JSfE");
//
export default component$((props) => {
	return /* @__PURE__ */ _jsxSplit("button", { ..._getVarProps(props) }, {
		..._getConstProps(props),
		"q-e:click": () => props.onClick$()
	}, null, 0, "u6_0");
});

============================= test.tsx_button_q_e_click_xlE0KI6JSfE.js (ENTRY POINT)==
export const button_q_e_click_xlE0KI6JSfE = () => props.onClick$();
== DIAGNOSTICS ==

[]
