==INPUT==


import { $, component$, useStore, useSignal } from '@qwik.dev/core';
export const App = component$(() => {
      const cart = useStore<string[]>([]);
      const results = useSignal(['foo']);
      function loopArrowFn(results: string[]) {
        return results.map((item) => (
          <span
            onClick$={() => {
              cart.push(item);
            }}
          >
            {item}
          </span>
        ));
      }
      function loopForI(results: string[]) {
        const items = [];
        for (let i = 0; i < results.length; i++) {
          items.push(
            <span
              onClick$={() => {
                cart.push(results[i]);
              }}
            >
              {results[i]}
            </span>
          );
        }
        return items;
      }
      function loopForOf(results: string[]) {
        const items = [];
        for (const item of results) {
          items.push(
            <span
              onClick$={() => {
                cart.push(item);
              }}
            >
              {item}
            </span>
          );
        }
        return items;
      }
      function loopForIn(results: string[]) {
        const items = [];
        for (const key in results) {
          items.push(
            <span
              onClick$={() => {
                cart.push(results[key]);
              }}
            >
              {results[key]}
            </span>
          );
        }
        return items;
      }
      function loopWhile(results: string[]) {
        const items = [];
        let i = 0;
        while (i < results.length) {
          items.push(
            <span
              onClick$={() => {
                cart.push(results[i]);
              }}
            >
              {results[i]}
            </span>
          );
          i++;
        }
        return items;
      }
      return (
        <div>
          {results.value.map((item) => (
            <button
              id="second"
              onClick$={() => {
                cart.push(item);
              }}
            >
              {item}
            </button>
          ))}
          {loopArrowFn(results.value)}
          {loopForI(results.value)}
          {loopForOf(results.value)}
          {loopForIn(results.value)}
          {loopWhile(results.value)}
        </div>
      );
    });
============================= test.tsx ==
import { qrl } from "@qwik.dev/core";
import { _jsxSorted } from "@qwik.dev/core";
import { useStore, useSignal } from "@qwik.dev/core";
import { jsx as _jsx } from "react/jsx-runtime";
//
const q_div_button_q_e_click_eHWmo2tZFB8 = /* @__PURE__ */ qrl(() => import("./test.tsx_div_button_q_e_click_eHWmo2tZFB8"), "div_button_q_e_click_eHWmo2tZFB8");
const q_span_q_e_click_1_Gi0O4Zd1SwA = /* @__PURE__ */ qrl(() => import("./test.tsx_span_q_e_click_1_Gi0O4Zd1SwA"), "span_q_e_click_1_Gi0O4Zd1SwA");
const q_span_q_e_click_2_egK60roAwRM = /* @__PURE__ */ qrl(() => import("./test.tsx_span_q_e_click_2_egK60roAwRM"), "span_q_e_click_2_egK60roAwRM");
const q_span_q_e_click_3_oQUUUD0SU00 = /* @__PURE__ */ qrl(() => import("./test.tsx_span_q_e_click_3_oQUUUD0SU00"), "span_q_e_click_3_oQUUUD0SU00");
const q_span_q_e_click_en0sYrqZ1Og = /* @__PURE__ */ qrl(() => import("./test.tsx_span_q_e_click_en0sYrqZ1Og"), "span_q_e_click_en0sYrqZ1Og");
//
export const App = component$(() => {
	const cart = useStore([]);
	const results = useSignal(["foo"]);
	function loopArrowFn(results) {
		return results.map((item) => /* @__PURE__ */ _jsx("span", {
			onClick$: () => {
				cart.push(item);
			},
			children: item
		}));
	}
	function loopForI(results) {
		const items = [];
		for (let i = 0; i < results.length; i++) {
			items.push(/* @__PURE__ */ _jsxSorted("span", { "q:p": i }, { "q-e:click": () => {
				cart.push(results[i]);
			} }, results[i], 4, "u6_0"));
		}
		return items;
	}
	function loopForOf(results) {
		const items = [];
		for (const item of results) {
			items.push(/* @__PURE__ */ _jsxSorted("span", { "q:p": item }, { "q-e:click": () => {
				cart.push(item);
			} }, item, 6, "u6_1"));
		}
		return items;
	}
	function loopForIn(results) {
		const items = [];
		for (const key in results) {
			items.push(/* @__PURE__ */ _jsxSorted("span", { "q:p": key }, { "q-e:click": () => {
				cart.push(results[key]);
			} }, results[key], 4, "u6_2"));
		}
		return items;
	}
	function loopWhile(results) {
		const items = [];
		let i = 0;
		while (i < results.length) {
			items.push(/* @__PURE__ */ _jsxSorted("span", null, { "q-e:click": () => {
				cart.push(results[i]);
			} }, results[i], 1, "u6_3"));
			i++;
		}
		return items;
	}
	return /* @__PURE__ */ _jsxSorted("div", null, null, [
		results.value.map((item) => /* @__PURE__ */ _jsxSorted("button", { "q:p": item }, {
			id: "second",
			"q-e:click": () => {
				cart.push(item);
			}
		}, item, 6, "u6_4")),
		loopArrowFn(results.value),
		loopForI(results.value),
		loopForOf(results.value),
		loopForIn(results.value),
		loopWhile(results.value)
	], 1, "u6_5");
});
export { i as _auto_i };

============================= test.tsx_span_q_e_click_en0sYrqZ1Og.js (ENTRY POINT)==
import { _auto_i as i } from "./test";
//
export const span_q_e_click_en0sYrqZ1Og = (_, _1, i) => {
	cart.push(results[i]);
};

============================= test.tsx_span_q_e_click_1_Gi0O4Zd1SwA.js (ENTRY POINT)==
export const span_q_e_click_1_Gi0O4Zd1SwA = (_, _1, item) => {
                cart.push(item);
              };
============================= test.tsx_span_q_e_click_2_egK60roAwRM.js (ENTRY POINT)==
export const span_q_e_click_2_egK60roAwRM = (_, _1, key) => {
                cart.push(results[key]);
              };
============================= test.tsx_span_q_e_click_3_oQUUUD0SU00.js (ENTRY POINT)==
import { _auto_i as i } from "./test";
//
export const span_q_e_click_3_oQUUUD0SU00 = (_, _1) => {
	cart.push(results[i]);
};

============================= test.tsx_div_button_q_e_click_eHWmo2tZFB8.js (ENTRY POINT)==
export const div_button_q_e_click_eHWmo2tZFB8 = (_, _1, item) => {
                cart.push(item);
              };
== DIAGNOSTICS ==

[]
