==INPUT==


import { component$, useStore } from '@qwik.dev/core';

export const App = component$((props: Stuff) => {
	foo();
	return (
		<Cmp>
			<p class="stuff" onClick$={() => console.log('warn')}>Hello Qwik</p>
		</Cmp>
	);
});

export const foo = () => console.log('foo');
============================= test.tsx ==
import { qrl } from "@qwik.dev/core";
import { _jsxSorted } from "@qwik.dev/core";
//
const q_Cmp_p_q_e_click_OMGF7WUUpxY = /* @__PURE__ */ qrl(() => import("./test.tsx_Cmp_p_q_e_click_OMGF7WUUpxY.js"), "Cmp_p_q_e_click_OMGF7WUUpxY");
//
export const App = component$((props) => {
	foo();
	return /* @__PURE__ */ _jsxSorted(Cmp, null, null, /* @__PURE__ */ _jsxSorted("p", null, {
		class: "stuff",
		"q-e:click": () => console.log("warn")
	}, "Hello Qwik", 3, null), 3, "u6_0");
});
export const foo = () => console.log("foo");

============================= test.tsx_Cmp_p_q_e_click_OMGF7WUUpxY.js (ENTRY POINT)==
export const Cmp_p_q_e_click_OMGF7WUUpxY = () => console.log('warn');
== DIAGNOSTICS ==

[]
