==INPUT==


		import { component$, useTask$ } from '@qwik.dev/core'

		export default component$<any>(({ ...props }) => {
		useTask$(() => {
			props.checked
		})

		return 'hi'
		})
============================= test.tsx ==
import { qrl } from "@qwik.dev/core";
import { useTaskQrl } from "@qwik.dev/core";
//
const q_test_useTask_5pwZFJgUNow = /* @__PURE__ */ qrl(() => import("./test.tsx_test_useTask_5pwZFJgUNow"), "test_useTask_5pwZFJgUNow");
//
export default component$(({ ...props }) => {
	useTaskQrl(q_test_useTask_5pwZFJgUNow);
	return "hi";
});

============================= test.tsx_test_useTask_5pwZFJgUNow.js (ENTRY POINT)==
export const test_useTask_5pwZFJgUNow = () => {
			props.checked
		};
== DIAGNOSTICS ==

[]
