==INPUT==


import { component$, useStore } from '@qwik.dev/core';

export const App = component$((props: Stuff) => {
	return (
		<Cmp>
			<p class="stuff" onClick$={() => console.log('warn')}>Hello Qwik</p>
		</Cmp>
	);
});
============================= test.tsx ==
import { _noopQrl } from "@qwik.dev/core";
//
const q_Cmp_p_q_e_click_OMGF7WUUpxY = /* @__PURE__ */ _noopQrl("Cmp_p_q_e_click_OMGF7WUUpxY");
export const App = component$((props) => {
	return <Cmp>
			<p class="stuff" q-e:click={q_Cmp_p_q_e_click_OMGF7WUUpxY}>Hello Qwik</p>
		</Cmp>;
});
q_Cmp_p_q_e_click_OMGF7WUUpxY.s(() => console.log("warn"));

============================= test.tsx_Cmp_p_q_e_click_OMGF7WUUpxY.js (ENTRY POINT)==

== DIAGNOSTICS ==

[]
