==INPUT==


		import { component$, useSignal } from '@qwik.dev/core';

		export default component$(() => {
			const count = useSignal(0);
			return (
				<div>
					{(count as any).value}
				</div>
			);
		});
============================= test.tsx ==
import { useSignal } from "@qwik.dev/core";
import { jsx as _jsx } from "react/jsx-runtime";
//
export default component$(() => {
	const count = useSignal(0);
	return /* @__PURE__ */ _jsx("div", { children: count.value });
});

== DIAGNOSTICS ==

[]
