==INPUT==


import { component$ } from '@qwik.dev/core';
import { server$ } from '@qwik.dev/router';
import { clientSupabase } from 'supabase';
import { Client } from 'openai';
import { secret } from './secret';
import { sideEffect } from './secret';

const supabase = clientSupabase();
const dfd = new Client(secret);

(function() {
	console.log('run');
	})();
	(() => {
	console.log('run');
	})();

sideEffect();

export const api = server$(() => {
	supabase.from('ffg').do(dfd);
});

export default component$(() => {
	return (
		<button onClick$={() => await api()}></button>
	)
	});
============================= test.tsx ==
import { _noopQrlDEV } from "@qwik.dev/core";
import { serverQrl } from "@qwik.dev/router";
import { clientSupabase } from "supabase";
import { Client } from "openai";
import { secret } from "./secret";
import { sideEffect } from "./secret";
import { jsx as _jsx } from "react/jsx-runtime";
//
const q_qrl_4294901760 = /* @__PURE__ */ _noopQrlDEV("api_server_JonPp043gH0", {
	file: "/user/qwik/src/test.tsx",
	lo: 0,
	hi: 0,
	displayName: "test.tsx_api_server"
});
//
const supabase = clientSupabase();
const dfd = new Client(secret);
(function() {
	console.log("run");
})();
(() => {
	console.log("run");
})();
sideEffect();
export const api = serverQrl(q_qrl_4294901760);
export default component$(() => {
	return /* @__PURE__ */ _jsx("button", { onClick$: () => await api() });
});
export { supabase as _auto_supabase };
export { dfd as _auto_dfd };

============================= test.tsx_api_server_JonPp043gH0.js (ENTRY POINT)==
export const api_server_JonPp043gH0 = null;
== DIAGNOSTICS ==

[]
