==INPUT==


import { component$ } from '@qwik.dev/core';

const App = component$(() => {
	return (
		<div>hola</div>
	);
});


export const Root = component$((props: Stuff) => {
	return (
		<App/>
	);
});

const Other = 12;
export { Other as App };

export default App;
============================= test.tsx ==
import { qrl } from "@qwik.dev/core";
import { componentQrl } from "@qwik.dev/core";
import { _jsxSorted } from "@qwik.dev/core";
//
const q_App_component_ckEPmXZlub0 = /* @__PURE__ */ qrl(() => import("./test.tsx_App_component_ckEPmXZlub0"), "App_component_ckEPmXZlub0");
//
const App = /* @__PURE__ */ componentQrl(q_App_component_ckEPmXZlub0);
export const Root = component$((props) => {
	return /* @__PURE__ */ _jsxSorted(App, null, null, null, 3, "u6_0");
});
const Other = 12;
export { Other as App };
export default App;

============================= test.tsx_App_component_ckEPmXZlub0.js (ENTRY POINT)==
import { _jsxSorted } from "@qwik.dev/core";
//
export const App_component_ckEPmXZlub0 = () => {
	return (
		/*#__PURE__*/ _jsxSorted("div", null, null, "hola", 3, "u6_1")
	);
};
== DIAGNOSTICS ==

[]
