==INPUT==


import { component$, useStore, $ } from '@qwik.dev/core';
import importedValue from 'v';
import styles from './styles.module.css';

export const App = component$((props) => {
	const {Model} = props;
	const state = useStore({count: 0});
	const remove = $((id: number) => {
		const d = state.data;
		d.splice(
			d.findIndex((d) => d.id === id),
			1
		)
		});
	return (
		<>
			<p class="stuff" onClick$={props.onClick$}>Hello Qwik</p>
			<Div
				class={styles.foo}
				document={window.document}
				onClick$={props.onClick$}
				onEvent$={() => console.log('stuff')}
				transparent$={() => {console.log('stuff')}}
				immutable1="stuff"
				immutable2={{
					foo: 'bar',
					baz: importedValue ? true : false,
				}}
				immutable3={2}
				immutable4$={(ev) => console.log(state.count)}
				immutable5={[1, 2, importedValue, null, {}]}
			>
				<p>Hello Qwik</p>
			</Div>
			[].map(() => (
				<Model
					class={state}
					remove$={remove}
					mutable1={{
						foo: 'bar',
						baz: state.count ? true : false,
					}}
					mutable2={(() => console.log(state.count))()}
					mutable3={[1, 2, state, null, {}]}
				/>
			));
		</>
	);
});
============================= test.tsx ==
import { qrl } from "@qwik.dev/core";
import { componentQrl } from "@qwik.dev/core";
import { _jsxSorted } from "@qwik.dev/core";
import { _fnSignal } from "@qwik.dev/core";
import { Fragment as _Fragment } from "@qwik.dev/core/jsx-runtime";
import importedValue from 'v';
import styles from './styles.module.css';
//
const _hf0 = (p0)=>({
						foo: 'bar',
						baz: p0.count ? true : false,
					});
const _hf0_str = '{foo:"bar",baz:p0.count?true:false}';
//
const q_App_component_ckEPmXZlub0 = /*#__PURE__*/ qrl(()=>import("./test.tsx_App_component_ckEPmXZlub0"), "App_component_ckEPmXZlub0");
const q_Fragment_Div_immutable4_ISGLxo6Xf7w = /*#__PURE__*/ qrl(()=>import("./test.tsx_Fragment_Div_immutable4_ISGLxo6Xf7w"), "Fragment_Div_immutable4_ISGLxo6Xf7w");
const q_Fragment_Div_onEvent_lvYQZ8b7FtM = /*#__PURE__*/ qrl(()=>import("./test.tsx_Fragment_Div_onEvent_lvYQZ8b7FtM"), "Fragment_Div_onEvent_lvYQZ8b7FtM");
const q_Fragment_Div_transparent_CgtVz30uKLg = /*#__PURE__*/ qrl(()=>import("./test.tsx_Fragment_Div_transparent_CgtVz30uKLg"), "Fragment_Div_transparent_CgtVz30uKLg");
//

export const App = /*#__PURE__*/ componentQrl(q_App_component_ckEPmXZlub0);
	return (
		/*#__PURE__*/ _jsxSorted(_Fragment, null, null, [/*#__PURE__*/ _jsxSorted("p", { "q-e:click": props.onClick$ }, { class: "stuff" }, "Hello Qwik", 2, null), /*#__PURE__*/ _jsxSorted(Div, { document: window.document, onClick$: props.onClick$ }, { class: styles.foo, onEvent$: () => console.log('stuff'), transparent$: () => {console.log('stuff')}, immutable1: "stuff", immutable2: {
					foo: 'bar',
					baz: importedValue ? true : false,
				}, immutable3: 2, immutable4$: (ev) => console.log(state.count), immutable5: [1, 2, importedValue, null, {}] }, /*#__PURE__*/ _jsxSorted("p", null, null, "Hello Qwik", 3, null), 3, "u6_0"), "[].map(() => (", /*#__PURE__*/ _jsxSorted(Model, { mutable2: (() => console.log(state.count))() }, { class: state, remove$: remove, mutable1: _fnSignal(_hf0, [state], _hf0_str), mutable3: [1, 2, state, null, {}] }, null, 3, "u6_1"), "));"], 1, "u6_2")
	);
});
============================= test.tsx_App_component_ckEPmXZlub0.js (ENTRY POINT)==
import { useStore } from "@qwik.dev/core";
//
export const App_component_ckEPmXZlub0 = (props) => {
	const {Model} = props;
	const state = useStore({count: 0});
	const remove = $((id: number) => {
		const d = state.data;
		d.splice(
			d.findIndex((d) => d.id === id),
			1
		)
		};
============================= test.tsx_Fragment_Div_onEvent_lvYQZ8b7FtM.js (ENTRY POINT)==
export const Fragment_Div_onEvent_lvYQZ8b7FtM = () => console.log('stuff');
============================= test.tsx_Fragment_Div_transparent_CgtVz30uKLg.js (ENTRY POINT)==
export const Fragment_Div_transparent_CgtVz30uKLg = () => {console.log('stuff')};
============================= test.tsx_Fragment_Div_immutable4_ISGLxo6Xf7w.js (ENTRY POINT)==
export const Fragment_Div_immutable4_ISGLxo6Xf7w = (ev) => console.log(state.count);
== DIAGNOSTICS ==

[]
